---
source: src/parser.rs
expression: program
---
functions:
  - name: test
    params: []
    type: I32
    body:
      - Expr:
          expr:
            BinOp:
              lhs:
                IntLit:
                  value: "42"
                  span:
                    start: 19
                    end: 21
                    context: ~
                  type: ~
              op: Add
              rhs:
                IntLit:
                  value: "10"
                  span:
                    start: 24
                    end: 26
                    context: ~
                  type: ~
              span:
                start: 19
                end: 26
                context: ~
          span:
            start: 19
            end: 26
            context: ~
    span:
      start: 0
      end: 28
      context: ~
