---
source: src/parser.rs
expression: program
---
functions:
  - name: test
    params: []
    type: I32
    body:
      - If:
          condition:
            IntLit:
              value: 1
              span:
                start: 26
                end: 27
                context: ~
          then_branch:
            - Expr:
                expr:
                  IntLit:
                    value: 1
                    span:
                      start: 38
                      end: 39
                      context: ~
                span:
                  start: 38
                  end: 39
                  context: ~
          else_branch:
            - If:
                condition:
                  IntLit:
                    value: 2
                    span:
                      start: 54
                      end: 55
                      context: ~
                then_branch:
                  - Expr:
                      expr:
                        IntLit:
                          value: 2
                          span:
                            start: 66
                            end: 67
                            context: ~
                      span:
                        start: 66
                        end: 67
                        context: ~
                else_branch:
                  - If:
                      condition:
                        IntLit:
                          value: 3
                          span:
                            start: 82
                            end: 83
                            context: ~
                      then_branch:
                        - Expr:
                            expr:
                              IntLit:
                                value: 3
                                span:
                                  start: 94
                                  end: 95
                                  context: ~
                            span:
                              start: 94
                              end: 95
                              context: ~
                      else_branch:
                        - Expr:
                            expr:
                              IntLit:
                                value: 4
                                span:
                                  start: 117
                                  end: 118
                                  context: ~
                            span:
                              start: 117
                              end: 118
                              context: ~
                      span:
                        start: 79
                        end: 124
                        context: ~
                span:
                  start: 51
                  end: 124
                  context: ~
          span:
            start: 23
            end: 124
            context: ~
    span:
      start: 0
      end: 126
      context: ~
