---
source: src/parser.rs
expression: program
---
stmts:
  - Expr:
      expr:
        UnaryOp:
          op: Neg
          expr:
            IntLit:
              value: 42
              span:
                start: 1
                end: 3
                context: ~
          span:
            start: 0
            end: 3
            context: ~
      span:
        start: 0
        end: 3
        context: ~
