---
source: src/parser.rs
expression: program
---
functions:
  - name: test
    params: []
    type: I32
    body:
      - Expr:
          expr:
            BinOp:
              lhs:
                BinOp:
                  lhs:
                    IntLit:
                      value: 42
                      span:
                        start: 19
                        end: 21
                        context: ~
                  op: Add
                  rhs:
                    BinOp:
                      lhs:
                        IntLit:
                          value: 10
                          span:
                            start: 25
                            end: 27
                            context: ~
                      op: Mul
                      rhs:
                        IntLit:
                          value: 5
                          span:
                            start: 30
                            end: 31
                            context: ~
                      span:
                        start: 25
                        end: 31
                        context: ~
                  span:
                    start: 19
                    end: 32
                    context: ~
              op: Sub
              rhs:
                IntLit:
                  value: 8
                  span:
                    start: 35
                    end: 36
                    context: ~
              span:
                start: 19
                end: 36
                context: ~
          span:
            start: 19
            end: 36
            context: ~
    span:
      start: 0
      end: 38
      context: ~
