---
source: src/parser.rs
expression: program
---
functions:
  - name: test
    params: []
    type: I32
    body:
      - VarDecl:
          name: x
          type: I32
          value:
            IntLit:
              value: 0
              span:
                start: 32
                end: 33
                context: ~
          span:
            start: 19
            end: 34
            context: ~
      - Assign:
          name: x
          value:
            IntLit:
              value: 42
              span:
                start: 39
                end: 41
                context: ~
          span:
            start: 35
            end: 42
            context: ~
      - Expr:
          expr:
            VarRef:
              name: x
              span:
                start: 43
                end: 44
                context: ~
          span:
            start: 43
            end: 44
            context: ~
    span:
      start: 0
      end: 46
      context: ~
