---
source: src/parser.rs
expression: program
---
stmts:
  - FnDecl:
      name: zero
      params: []
      type: I32
      body:
        - Expr:
            expr:
              IntLit:
                value: 0
                span:
                  start: 19
                  end: 20
                  context: ~
            span:
              start: 19
              end: 20
              context: ~
      span:
        start: 0
        end: 22
        context: ~
  - Expr:
      expr:
        FnCall:
          name: zero
          args: []
          span:
            start: 23
            end: 29
            context: ~
      span:
        start: 23
        end: 29
        context: ~
