---
source: src/parser.rs
expression: program
---
functions:
  - name: zero
    params: []
    type: I32
    body:
      - Expr:
          expr:
            IntLit:
              value: "0"
              span:
                start: 19
                end: 20
                context: ~
              type: ~
          span:
            start: 19
            end: 20
            context: ~
    span:
      start: 0
      end: 22
      context: ~
  - name: main
    params: []
    type: I32
    body:
      - Expr:
          expr:
            FnCall:
              name: zero
              args: []
              type: ~
              span:
                start: 42
                end: 48
                context: ~
          span:
            start: 42
            end: 48
            context: ~
    span:
      start: 23
      end: 50
      context: ~
